2026-09-28T08:32:18.819Z  INFO 1 --- [main] com.structurizr.server.Local             : ***********************************************************************************
2026-09-28T08:32:18.849Z  INFO 1 --- [main] com.structurizr.server.Local             :   _____ _                   _              _          
2026-09-28T08:32:18.851Z  INFO 1 --- [main] com.structurizr.server.Local             :  / ____| |                 | |            (_)         
2026-09-28T08:32:18.854Z  INFO 1 --- [main] com.structurizr.server.Local             : | (___ | |_ _ __ _   _  ___| |_ _   _ _ __ _ _____ __ 
2026-09-28T08:32:18.855Z  INFO 1 --- [main] com.structurizr.server.Local             :  \___ \| __| '__| | | |/ __| __| | | | '__| |_  / '__|
2026-09-28T08:32:18.857Z  INFO 1 --- [main] com.structurizr.server.Local             :  ____) | |_| |  | |_| | (__| |_| |_| | |  | |/ /| |   
2026-09-28T08:32:18.859Z  INFO 1 --- [main] com.structurizr.server.Local             : |_____/ \__|_|   \__,_|\___|\__|\__,_|_|  |_/___|_|   
2026-09-28T08:32:18.861Z  INFO 1 --- [main] com.structurizr.server.Local             :                                                       
2026-09-28T08:32:18.863Z  INFO 1 --- [main] com.structurizr.server.Local             : Local v2026.09.19
2026-09-28T08:32:18.865Z  INFO 1 --- [main] com.structurizr.server.Local             : ***********************************************************************************
2026-09-28T08:32:18.867Z  INFO 1 --- [main] com.structurizr.server.Local             :  - structurizr.authentication: none
2026-09-28T08:32:18.870Z  INFO 1 --- [main] com.structurizr.server.Local             :  - structurizr.autorefreshinterval: 0
2026-09-28T08:32:18.872Z  INFO 1 --- [main] com.structurizr.server.Local             :  - structurizr.autosaveinterval: 5000
2026-09-28T08:32:18.874Z  INFO 1 --- [main] com.structurizr.server.Local             :  - structurizr.cache: none
2026-09-28T08:32:18.876Z  INFO 1 --- [main] com.structurizr.server.Local             :  - structurizr.data: file
2026-09-28T08:32:18.877Z  INFO 1 --- [main] com.structurizr.server.Local             :  - structurizr.datadirectory: /usr/local/structurizr
2026-09-28T08:32:18.878Z  INFO 1 --- [main] com.structurizr.server.Local             :  - structurizr.debug: false
2026-09-28T08:32:18.880Z  INFO 1 --- [main] com.structurizr.server.Local             :  - structurizr.editable: true
2026-09-28T08:32:18.881Z  INFO 1 --- [main] com.structurizr.server.Local             :  - structurizr.logging.filename: /usr/local/structurizr/.structurizr/logs/structurizr.log
2026-09-28T08:32:18.883Z  INFO 1 --- [main] com.structurizr.server.Local             :  - structurizr.network.timeout: 60000
2026-09-28T08:32:18.885Z  INFO 1 --- [main] com.structurizr.server.Local             :  - structurizr.network.urls.allowed: .*
2026-09-28T08:32:18.886Z  INFO 1 --- [main] com.structurizr.server.Local             :  - structurizr.search: lucene
2026-09-28T08:32:18.888Z  INFO 1 --- [main] com.structurizr.server.Local             :  - structurizr.themes: /usr/local/structurizr/themes/
2026-09-28T08:32:18.889Z  INFO 1 --- [main] com.structurizr.server.Local             :  - structurizr.workspace.maxsize: 1MB
2026-09-28T08:32:18.891Z  INFO 1 --- [main] com.structurizr.server.Local             :  - structurizr.workspace.threads: 10
2026-09-28T08:32:18.893Z  INFO 1 --- [main] com.structurizr.server.Local             :  - structurizr.workspaces: 1
2026-09-28T08:32:18.894Z  INFO 1 --- [main] com.structurizr.server.Local             : ***********************************************************************************
2026-09-28T08:32:18.895Z  INFO 1 --- [main] com.structurizr.server.Local             : Themes:
2026-09-28T08:32:18.896Z  INFO 1 --- [main] com.structurizr.server.Local             : ***********************************************************************************
2026-09-28T08:32:33.318Z  INFO 1 --- [SpringApplicationShutdownHook] com.structurizr.server.AbstractServer    : ********************************************************
2026-09-28T08:32:33.320Z  INFO 1 --- [SpringApplicationShutdownHook] com.structurizr.server.AbstractServer    :  Stopping Structurizr
2026-09-28T08:32:33.321Z  INFO 1 --- [SpringApplicationShutdownHook] com.structurizr.server.AbstractServer    : ********************************************************
2026-09-28T08:32:37.475Z  INFO 1 --- [main] com.structurizr.server.Local             : ***********************************************************************************
2026-09-28T08:32:37.477Z  INFO 1 --- [main] com.structurizr.server.Local             :   _____ _                   _              _          
2026-09-28T08:32:37.478Z  INFO 1 --- [main] com.structurizr.server.Local             :  / ____| |                 | |            (_)         
2026-09-28T08:32:37.479Z  INFO 1 --- [main] com.structurizr.server.Local             : | (___ | |_ _ __ _   _  ___| |_ _   _ _ __ _ _____ __ 
2026-09-28T08:32:37.480Z  INFO 1 --- [main] com.structurizr.server.Local             :  \___ \| __| '__| | | |/ __| __| | | | '__| |_  / '__|
2026-09-28T08:32:37.481Z  INFO 1 --- [main] com.structurizr.server.Local             :  ____) | |_| |  | |_| | (__| |_| |_| | |  | |/ /| |   
2026-09-28T08:32:37.482Z  INFO 1 --- [main] com.structurizr.server.Local             : |_____/ \__|_|   \__,_|\___|\__|\__,_|_|  |_/___|_|   
2026-09-28T08:32:37.483Z  INFO 1 --- [main] com.structurizr.server.Local             :                                                       
2026-09-28T08:32:37.485Z  INFO 1 --- [main] com.structurizr.server.Local             : Local v2026.09.19
2026-09-28T08:32:37.487Z  INFO 1 --- [main] com.structurizr.server.Local             : ***********************************************************************************
2026-09-28T08:32:37.488Z  INFO 1 --- [main] com.structurizr.server.Local             :  - structurizr.authentication: none
2026-09-28T08:32:37.489Z  INFO 1 --- [main] com.structurizr.server.Local             :  - structurizr.autorefreshinterval: 0
2026-09-28T08:32:37.491Z  INFO 1 --- [main] com.structurizr.server.Local             :  - structurizr.autosaveinterval: 5000
2026-09-28T08:32:37.492Z  INFO 1 --- [main] com.structurizr.server.Local             :  - structurizr.cache: none
2026-09-28T08:32:37.493Z  INFO 1 --- [main] com.structurizr.server.Local             :  - structurizr.data: file
2026-09-28T08:32:37.494Z  INFO 1 --- [main] com.structurizr.server.Local             :  - structurizr.datadirectory: /usr/local/structurizr
2026-09-28T08:32:37.495Z  INFO 1 --- [main] com.structurizr.server.Local             :  - structurizr.debug: false
2026-09-28T08:32:37.496Z  INFO 1 --- [main] com.structurizr.server.Local             :  - structurizr.editable: true
2026-09-28T08:32:37.498Z  INFO 1 --- [main] com.structurizr.server.Local             :  - structurizr.logging.filename: /usr/local/structurizr/.structurizr/logs/structurizr.log
2026-09-28T08:32:37.503Z  INFO 1 --- [main] com.structurizr.server.Local             :  - structurizr.network.timeout: 60000
2026-09-28T08:32:37.504Z  INFO 1 --- [main] com.structurizr.server.Local             :  - structurizr.network.urls.allowed: .*
2026-09-28T08:32:37.505Z  INFO 1 --- [main] com.structurizr.server.Local             :  - structurizr.search: lucene
2026-09-28T08:32:37.506Z  INFO 1 --- [main] com.structurizr.server.Local             :  - structurizr.themes: /usr/local/structurizr/themes/
2026-09-28T08:32:37.507Z  INFO 1 --- [main] com.structurizr.server.Local             :  - structurizr.workspace.maxsize: 1MB
2026-09-28T08:32:37.509Z  INFO 1 --- [main] com.structurizr.server.Local             :  - structurizr.workspace.threads: 10
2026-09-28T08:32:37.510Z  INFO 1 --- [main] com.structurizr.server.Local             :  - structurizr.workspaces: 1
2026-09-28T08:32:37.511Z  INFO 1 --- [main] com.structurizr.server.Local             : ***********************************************************************************
2026-09-28T08:32:37.512Z  INFO 1 --- [main] com.structurizr.server.Local             : Themes:
2026-09-28T08:32:37.513Z  INFO 1 --- [main] com.structurizr.server.Local             : ***********************************************************************************
